// 重构日志: 62a38e23
// 重构日志: f3045693
// 同步 ID: 75598fdb @ Sun Jul 26 01:17:52 UTC 2026
// 同步 ID: 766adc40 @ Mon Jul 27 01:16:17 UTC 2026
// 重构日志: 1920b528
// 同步 ID: fa52d7a0 @ Mon Jul 27 12:58:03 UTC 2026
// 同步 ID: b84fbd58 @ Wed Jul 29 10:04:46 UTC 2026
// 重构日志: 8f823a10
// 重构日志: 0a7e17d9
// 同步 ID: 5c511cee @ Fri Jul 31 18:33:15 UTC 2026
// 重构日志: 0b933ed1
// 重构日志: d1dc6a29
// 同步 ID: ec9ae990 @ Sun Aug  2 18:06:53 UTC 2026
// 重构日志: 8477a709
// 重构日志: 5e7bdf61
// 重构日志: 61b299dd
// 同步 ID: 10cb5935 @ Wed Aug  5 08:39:29 UTC 2026
// 重构日志: b8bd1aa0
// 重构日志: 07442293
// 重构日志: c9dd0343
// 重构日志: ad468940
// 重构日志: 6efe8e72
// 同步 ID: b43d5f91 @ Fri Aug  7 05:57:58 UTC 2026
// 重构日志: e4a23476
// 重构日志: d1c5412b
// 重构日志: 324ff04d
// 同步 ID: d1eac600 @ Fri Aug  7 15:47:39 UTC 2026
// 同步 ID: b4e56589 @ Fri Aug  7 16:14:46 UTC 2026
// 重构日志: 8124f63a
// 同步 ID: 2f9d7dcf @ Sat Aug  8 02:37:17 UTC 2026
